[2026-08-24 20:15:28,440: INFO: main: >>>>>> stage Data Ingestion stage started <<<<<<]
[2026-08-24 20:15:28,441: INFO: common: yaml file: config/config.yaml loaded successfully]
[2026-08-24 20:15:28,441: INFO: common: yaml file: params.yaml loaded successfully]
[2026-08-24 20:15:28,442: INFO: common: yaml file: schema.yaml loaded successfully]
[2026-08-24 20:15:28,442: INFO: common: created directory at: artifacts]
[2026-08-24 20:15:28,442: INFO: common: created directory at: artifacts/data_ingestion]
[2026-08-24 20:15:29,109: INFO: data_ingestion: artifacts/data_ingestion/data.zip download! with following info: 
Connection: close
Content-Length: 23329
Cache-Control: max-age=300
Content-Security-Policy: default-src 'none'; style-src 'unsafe-inline'; sandbox
Content-Type: application/zip
ETag: "c69888a4ae59bc5a893392785a938ccd4937981c06ba8a9d6a21aa52b4ab5b6e"
Strict-Transport-Security: max-age=31536000
X-Content-Type-Options: nosniff
X-Frame-Options: deny
X-XSS-Protection: 1; mode=block
X-GitHub-Request-Id: E3F0:0A2F:7A0E7A:DE4135:6A8C5373
x-github-edge-region: centralindia
Accept-Ranges: bytes
Date: Mon, 24 Aug 2026 14:45:29 GMT
Via: 1.1 varnish
X-Served-By: cache-bom-vanm7210073-BOM
X-Cache: HIT
X-Cache-Hits: 0
X-Timer: S1787582729.855758,VS0,VE248
Vary: Authorization,Accept-Encoding
Access-Control-Allow-Origin: *
Cross-Origin-Resource-Policy: cross-origin
X-Fastly-Request-ID: 0ce1dc99600c52131f8fc1111d5c3c0562bbf649
Expires: Mon, 24 Aug 2026 14:50:29 GMT
Source-Age: 0

]
[2026-08-24 20:15:29,112: INFO: main: >>>>>> stage Data Ingestion stage completed <<<<<<

x==========x]
